[backblue.gif]
[fade.gif]
[index.html]
[course.cse.ust.hk/comp2012/markingscheme.pdf]
[course.cse.ust.hk/comp2012/past_paper.zip]
[course.cse.ust.hk/comp2012/labs/1-eclipse/unixUtilities.pdf]
[ftp.gnu.org/gnu/emacs/windows/emacs-23.2-bin-i386.zip]
[course.cse.ust.hk/comp2012/labs/1-eclipse/EclipseEmacsSetting.pptx]
[course.cse.ust.hk/comp2012/labs/1-eclipse/IOtutorial.ppt]
[course.cse.ust.hk/comp2012/labs/2-makefile/makefile.pdf]
[course.cse.ust.hk/comp2012/index.html]
[course.cse.ust.hk/comp2012/pure-release-0.6.0/pure-min.css]
[course.cse.ust.hk/comp2012/pure-release-0.6.0/layouts/side-menu.css]
[course.cse.ust.hk/comp2012/pure-release-0.6.0/style.css]
[course.cse.ust.hk/comp2012/favicon.html]
[cdnjs.cloudflare.com/ajax/libs/uikit/2.21.0/css/uikit.min.css]
[www.cse.ust.hk/_quan/comp2012/codes/6-STLString/vector_ref.pdf]
[www.cse.ust.hk/_quan/comp2012/codes/6-STLString/List_ref.pdf]
[www.cse.ust.hk/_quan/comp2012/codes/6-STLString/deque.pdf]
[www.cse.ust.hk/_quan/comp2012/codes/6-STLString/sq_ref.pdf]
[www.cse.ust.hk/_quan/comp2012/codes/6-STLString/string_ref.pdf]
[home.cse.ust.hk/_quan/comp2012/mt.pdf]
[home.cse.ust.hk/_quan/comp2012/mt_sol.pdf]
[home.cse.ust.hk/_quan/comp2012/index.html]
[ajax.googleapis.com/ajax/libs/jquery/1.4.2/jquery.min.js]
[balupton.github.io/jquery-syntaxhighlighter/scripts/jquery.syntaxhighlighter.min.js]
[course.cse.ust.hk/comp2012/assignments/PA1/pa1_files/image001.png]
[course.cse.ust.hk/comp2012/assignments/PA1/pa1_files/image002.png]
[course.cse.ust.hk/comp2012/assignments/PA1/pa1_files/image003.png]
[course.cse.ust.hk/comp2012/assignments/PA1/PA1.zip]
[course.cse.ust.hk/comp2012/assignments/PA1/pa1.html]
[course.cse.ust.hk/comp2012/labs/1-eclipse/index_files/filelist.xml]
[course.cse.ust.hk/comp2012/labs/1-eclipse/index_files/image001.jpg]
[course.cse.ust.hk/comp2012/labs/1-eclipse/index_files/image002.jpg]
[course.cse.ust.hk/comp2012/labs/1-eclipse/hangman.cpp]
[course.cse.ust.hk/comp2012/labs/1-eclipse/index_files/image006.gif]
[course.cse.ust.hk/comp2012/labs/1-eclipse/index_files/image008.gif]
[course.cse.ust.hk/comp2012/labs/1-eclipse/index_files/image010.gif]
[course.cse.ust.hk/comp2012/labs/1-eclipse/index_files/image012.jpg]
[course.cse.ust.hk/comp2012/labs/1-eclipse/index_files/image014.gif]
[course.cse.ust.hk/comp2012/labs/1-eclipse/index_files/image016.gif]
[course.cse.ust.hk/comp2012/labs/1-eclipse/index_files/image018.gif]
[course.cse.ust.hk/comp2012/labs/1-eclipse/index_files/image022.jpg]
[course.cse.ust.hk/comp2012/labs/1-eclipse/index_files/image024.gif]
[course.cse.ust.hk/comp2012/labs/1-eclipse/index_files/image026.jpg]
[course.cse.ust.hk/comp2012/labs/1-eclipse/index_files/image028.gif]
[course.cse.ust.hk/comp2012/labs/1-eclipse/index_files/image030.gif]
[course.cse.ust.hk/comp2012/labs/1-eclipse/index_files/image032.gif]
[course.cse.ust.hk/comp2012/labs/1-eclipse/index_files/image034.gif]
[course.cse.ust.hk/comp2012/labs/1-eclipse/index_files/image036.jpg]
[course.cse.ust.hk/comp2012/labs/1-eclipse/index_files/image038.gif]
[course.cse.ust.hk/comp2012/labs/1-eclipse/image039.png]
[course.cse.ust.hk/comp2012/labs/1-eclipse/image041.png]
[course.cse.ust.hk/comp2012/labs/1-eclipse/image042.png]
[course.cse.ust.hk/comp2012/labs/1-eclipse/image044.png]
[course.cse.ust.hk/comp2012/labs/1-eclipse/image046.png]
[course.cse.ust.hk/comp2012/labs/1-eclipse/index.html]
[cssystem.cs.ust.hk/homef0c2.html]
[files.fosswire.com/2007/08/fwunixref.pdf]
[course.cse.ust.hk/comp2012/labs/2-makefile/index_2014F_files/install.png]
[course.cse.ust.hk/comp2012/labs/2-makefile/blue.h]
[course.cse.ust.hk/comp2012/labs/2-makefile/blue.cpp]
[course.cse.ust.hk/comp2012/labs/2-makefile/green.h]
[course.cse.ust.hk/comp2012/labs/2-makefile/green.cpp]
[course.cse.ust.hk/comp2012/labs/2-makefile/main.cpp]
[course.cse.ust.hk/comp2012/labs/2-makefile/index_2014F_files/image001.jpg]
[course.cse.ust.hk/comp2012/labs/2-makefile/index_2014F_files/image002.jpg]
[course.cse.ust.hk/comp2012/labs/2-makefile/index_2014F_files/image003.png]
[course.cse.ust.hk/comp2012/labs/2-makefile/MakefileG++]
[course.cse.ust.hk/comp2012/labs/2-makefile/index_2014F_files/image004.jpg]
[course.cse.ust.hk/comp2012/labs/2-makefile/index_2014F_files/image005.jpg]
[course.cse.ust.hk/comp2012/labs/2-makefile/index_2014F_files/image006.png]
[course.cse.ust.hk/comp2012/labs/2-makefile/index_2014F_files/image007.jpg]
[course.cse.ust.hk/comp2012/labs/2-makefile/index_2014F_files/image008.jpg]
[course.cse.ust.hk/comp2012/labs/2-makefile/index_2014F_files/image009.png]
[course.cse.ust.hk/comp2012/labs/2-makefile/index_2014F_files/image010.png]
[course.cse.ust.hk/comp2012/labs/2-makefile/index_2014F_files/image011.png]
[course.cse.ust.hk/comp2012/labs/2-makefile/array_all.cpp]
[course.cse.ust.hk/comp2012/labs/2-makefile/index_2014F_files/image012.jpg]
[course.cse.ust.hk/comp2012/labs/2-makefile/index.html]
[course.cse.ust.hk/comp2012/labs/3-ptr/pointer.cpp]
[course.cse.ust.hk/comp2012/labs/3-ptr/list.gif]
[course.cse.ust.hk/comp2012/labs/3-ptr/list/main.cpp]
[course.cse.ust.hk/comp2012/labs/3-ptr/list/List.cpp]
[course.cse.ust.hk/comp2012/labs/3-ptr/list/List.h]
[course.cse.ust.hk/comp2012/labs/3-ptr/station.txt]
[course.cse.ust.hk/comp2012/labs/3-ptr/index.html]
[course.cse.ust.hk/comp2012/labs/4-construct/index_files/filelist.xml]
[course.cse.ust.hk/comp2012/labs/4-construct/index_files/preview.wmf]
[course.cse.ust.hk/comp2012/labs/4-construct/index_files/themedata.thmx]
[course.cse.ust.hk/comp2012/labs/4-construct/index_files/colorschememapping.xml]
[course.cse.ust.hk/comp2012/labs/4-construct/test.cpp]
[course.cse.ust.hk/comp2012/labs/4-construct/grid/grid3d.h]
[course.cse.ust.hk/comp2012/labs/4-construct/grid/grid3d.cpp]
[course.cse.ust.hk/comp2012/labs/4-construct/grid/main.cpp]
[course.cse.ust.hk/comp2012/labs/4-construct/index.html]
[course.cse.ust.hk/comp2012/labs/5-ovrld/index_files/filelist.xml]
[course.cse.ust.hk/comp2012/labs/5-ovrld/index_files/preview.wmf]
[course.cse.ust.hk/comp2012/labs/5-ovrld/index_files/themedata.thmx]
[course.cse.ust.hk/comp2012/labs/5-ovrld/index_files/colorschememapping.xml]
[course.cse.ust.hk/comp2012/labs/5-ovrld/container.pdf]
[course.cse.ust.hk/comp2012/labs/5-ovrld/bag.h]
[course.cse.ust.hk/comp2012/labs/5-ovrld/bag.cpp]
[course.cse.ust.hk/comp2012/labs/5-ovrld/driver.cpp]
[course.cse.ust.hk/comp2012/labs/5-ovrld/ovrld.pdf]
[course.cse.ust.hk/comp2012/labs/5-ovrld/grid_ovrld/grid3d_ovrld.h]
[course.cse.ust.hk/comp2012/labs/5-ovrld/grid_ovrld/grid3d_ovrld.cpp]
[course.cse.ust.hk/comp2012/labs/5-ovrld/grid_ovrld/main.cpp]
[course.cse.ust.hk/comp2012/labs/5-ovrld/index.html]
[course.cse.ust.hk/comp2012/labs/6-stack/Push_and_Pop.png]
[course.cse.ust.hk/comp2012/labs/6-stack/Switch_box.png]
[course.cse.ust.hk/comp2012/labs/6-stack/Routable_example.png]
[course.cse.ust.hk/comp2012/labs/6-stack/index.html]
[course.cse.ust.hk/comp2012/labs/6-stack/SwitchBox.zip]
[course.cse.ust.hk/comp2012/labs/7-template/templatefunc.cpp]
[course.cse.ust.hk/comp2012/labs/7-template/templateclass.cpp]
[course.cse.ust.hk/comp2012/labs/7-template/list.h]
[course.cse.ust.hk/comp2012/labs/7-template/main.cpp]
[course.cse.ust.hk/comp2012/labs/7-template/index.html]
[course.cse.ust.hk/comp2012/labs/8-stl/deque.cpp]
[course.cse.ust.hk/comp2012/labs/8-stl/list.cpp]
[course.cse.ust.hk/comp2012/labs/8-stl/set.cpp]
[course.cse.ust.hk/comp2012/labs/8-stl/map.cpp]
[course.cse.ust.hk/comp2012/labs/8-stl/algorithms.cpp]
[course.cse.ust.hk/comp2012/labs/8-stl/map_search.cpp]
[course.cse.ust.hk/comp2012/labs/8-stl/multimap_search.cpp]
[course.cse.ust.hk/comp2012/labs/8-stl/find_if.cpp]
[course.cse.ust.hk/comp2012/labs/8-stl/building.h]
[course.cse.ust.hk/comp2012/labs/8-stl/building.cpp]
[course.cse.ust.hk/comp2012/labs/8-stl/CheckBuilding.cpp]
[course.cse.ust.hk/comp2012/labs/8-stl/index.html]
[course.cse.ust.hk/comp2012/labs/9-inh/derive.cpp]
[course.cse.ust.hk/comp2012/labs/9-inh/order.cpp]
[course.cse.ust.hk/comp2012/labs/9-inh/sub.cpp]
[course.cse.ust.hk/comp2012/labs/9-inh/func.zip]
[course.cse.ust.hk/comp2012/labs/9-inh/classDiagram.gif]
[course.cse.ust.hk/comp2012/labs/9-inh/index.html]
[course.cse.ust.hk/comp2012/labs/10-vf/no_virtual.cpp]
[course.cse.ust.hk/comp2012/labs/10-vf/virtual.cpp]
[course.cse.ust.hk/comp2012/labs/10-vf/polygons.cpp]
[course.cse.ust.hk/comp2012/labs/10-vf/polygons_fixed.cpp]
[course.cse.ust.hk/comp2012/labs/10-vf/xyz.cpp]
[course.cse.ust.hk/comp2012/labs/10-vf/functions.zip]
[course.cse.ust.hk/comp2012/labs/10-vf/classDiagram.gif]
[course.cse.ust.hk/comp2012/labs/10-vf/in.txt]
[course.cse.ust.hk/comp2012/labs/10-vf/out.txt]
[course.cse.ust.hk/comp2012/labs/10-vf/index.html]
[course.cse.ust.hk/comp2012/labs/11-bst/tree.jpg]
[course.cse.ust.hk/comp2012/labs/11-bst/TreeNode.h]
[course.cse.ust.hk/comp2012/labs/11-bst/Tree.h]
[course.cse.ust.hk/comp2012/labs/11-bst/main.cpp]
[course.cse.ust.hk/comp2012/labs/11-bst/index.html]
[course.cse.ust.hk/comp2012/labs/labPolicy.html]
[course.cse.ust.hk/comp2012/assignments/PA2/main.cpp]
[course.cse.ust.hk/comp2012/assignments/PA2/input.txt]
[course.cse.ust.hk/comp2012/assignments/PA2/List.h]
[course.cse.ust.hk/comp2012/assignments/PA2/List.cpp]
[course.cse.ust.hk/comp2012/assignments/PA2/Polynomial.h]
[course.cse.ust.hk/comp2012/assignments/PA2/Polynomial.cpp]
[course.cse.ust.hk/comp2012/assignments/PA2/Makefile]
[course.cse.ust.hk/comp2012/assignments/PA2/pa2.html]
[course.cse.ust.hk/comp2012/assignments/PA3/PA3_files/image001.png]
[course.cse.ust.hk/comp2012/assignments/PA3/PA3_files/image002.png]
[course.cse.ust.hk/comp2012/assignments/PA3/skeleton/main.cpp]
[course.cse.ust.hk/comp2012/assignments/PA3/skeleton/Point.h]
[course.cse.ust.hk/comp2012/assignments/PA3/skeleton/Shape.h]
[course.cse.ust.hk/comp2012/assignments/PA3/skeleton/Circle.h]
[course.cse.ust.hk/comp2012/assignments/PA3/skeleton/Polygon.h]
[course.cse.ust.hk/comp2012/assignments/PA3/skeleton/Rectangle.h]
[course.cse.ust.hk/comp2012/assignments/PA3/pa3.html]
[tl.ust.hk/integrity/img/title.png]
[tl.ust.hk/integrity/img/photo.jpg]
[tl.ust.hk/integrity/img/line.gif]
[tl.ust.hk/integrity/index.html]
[cdnjs.cloudflare.com/ajax/libs/uikit/2.21.0/css/uikit.min.css]
[course.cse.ust.hk/cass.html]
[course.cse.ust.hk/comp2012/labs/1-eclipse/index_new_files/editdata.html]
[course.cse.ust.hk/comp2012/labs/1-eclipse/index_new_files/themedata.html]
[course.cse.ust.hk/comp2012/labs/1-eclipse/index_new_files/colorschememapping.html]
[course.cse.ust.hk/comp2012/labs/1-eclipse/index_new_files/header.html]
[www.cse.ust.hk/cssystem/Software/Password_Only/SSHSecureShellClient-3.2.9.html]
[course.cse.ust.hk/comp2012/labs/4-construct/index_files/editdata.html]
[course.cse.ust.hk/comp2012/labs/5-ovrld/index_files/editdata.html]
[course.cse.ust.hk/comp2012/labs/style.html]
[course.cse.ust.hk/comp2012/labs/6-stack/index_files/editdata.html]
[course.cse.ust.hk/comp2012/labs/10-vf/index-ans.html]
[tl.ust.hk/style/reset.css]
[tl.ust.hk/img/bgpage.gif]
[tl.ust.hk/img/bgpage_s.gif]
[tl.ust.hk/img/hdr_page.png]
[tl.ust.hk/img/hdr_page_s.png]
[tl.ust.hk/img/arrow-1.gif]
[tl.ust.hk/img/bg_dotline.gif]
[tl.ust.hk/style/common.css]
[tl.ust.hk/integrity/style.css]
[tl.ust.hk/integrity/images/top_bg.jpg]
[tl.ust.hk/integrity/images/title.jpg]
[tl.ust.hk/integrity/images/top_photo.jpg]
[tl.ust.hk/integrity/images/left20.jpg]
[tl.ust.hk/integrity/images/blank.gif]
[tl.ust.hk/integrity/images/dot_blue.gif]
[tl.ust.hk/integrity/images/line_black.gif]
[tl.ust.hk/integrity/student-1.html]
[tl.ust.hk/integrity/images/left13.jpg]
[www.ab.ust.hk/ccss/Procedural_Framework_Governing_Violations_of_Academic_Integrity.pdf]
[tl.ust.hk/integrity/staff-1.html]
[tl.ust.hk/integrity/images/left01.jpg]
[tl.ust.hk/integrity/images/arrow-bk.gif]
[tl.ust.hk/integrity/images/dot_line.jpg]
[tl.ust.hk/integrity/regulations-1.html]
[course.cse.ust.hk/comp2012/labs/10-vf/func2.html]
[tl.ust.hk/integrity/general.css]
[tl.ust.hk/integrity/images/honor.gif]
[tl.ust.hk/integrity/images/honor-dot.gif]
[tl.ust.hk/integrity/honor.html]
[tl.ust.hk/integrity/images/left24.jpg]
[tl.ust.hk/integrity/student-2.html]
[tl.ust.hk/integrity/images/left23.jpg]
[tl.ust.hk/integrity/student-3.html]
[tl.ust.hk/integrity/images/left25.jpg]
[tl.ust.hk/integrity/student-4.html]
[tl.ust.hk/integrity/images/left12.jpg]
[tl.ust.hk/integrity/flowchart_cases.pdf]
[tl.ust.hk/integrity/student-5.html]
[tl.ust.hk/integrity/images/left14.jpg]
[arr.ust.hk/reg/forms/SAM_Form_Oct2014.pdf]
[tl.ust.hk/integrity/staff-2.html]
[tl.ust.hk/integrity/images/left15.jpg]
[tl.ust.hk/integrity/staff-3.html]
[tl.ust.hk/integrity/images/left26.jpg]
[tl.ust.hk/integrity/staff-4.html]
[tl.ust.hk/integrity/images/left17.jpg]
[tl.ust.hk/integrity/staff-5.html]
[tl.ust.hk/integrity/images/left27.jpg]
[tl.ust.hk/integrity/staff-6.html]
[tl.ust.hk/integrity/images/left19.jpg]
[tl.ust.hk/integrity/staff-7.html]
[file/C_/Program Files (x86)/Microsoft Office 2003/OFFICE11/fpclass/outline.js]
